// Jest Snapshot v1, https://goo.gl/fbAQLP

exports[`LayoutAuth should be rendered 1`] = `"<div class=\\"sc-bczRLJ kJglZm\\"><div class=\\"sc-gsnTZi SmaeV\\"><div class=\\"sc-dkzDqf dLuZiL\\"><div class=\\"flex flex-col items-center gap-8 mb-4\\" data-testid=\\"auth-layout-left-side\\"><img src=\\"app.png\\" alt=\\"App\\" width=\\"90px\\" height=\\"55.5px\\"><label font-size=\\"26\\" class=\\"sc-eCYdqJ hsohzK\\">auth.register</label></div><h1 data-testid=\\"content\\">Content</h1></div><div data-testid=\\"auth-layout-right-side\\" class=\\"sc-hKMtZM gxGoaX\\"><img src=\\"register.png\\" alt=\\"App\\" width=\\"647px\\" height=\\"602px\\"></div></div></div>"`;
