// Jest Snapshot v1, https://goo.gl/fbAQLP

exports[`AppBaseCheckbox should have snapshot 1`] = `
<label
  className="ant-checkbox-wrapper "
>
  <span
    className="ant-checkbox"
    style={Object {}}
  >
    <input
      checked={false}
      className="ant-checkbox-input"
      disabled={false}
      onBlur={[Function]}
      onChange={[Function]}
      onFocus={[Function]}
      onKeyDown={[Function]}
      onKeyPress={[Function]}
      onKeyUp={[Function]}
      type="checkbox"
    />
    <span
      className="ant-checkbox-inner"
    />
  </span>
</label>
`;
